[backblue.gif]
[fade.gif]
[index.html]
[framerusercontent.com/images/lQaTzxEvLZmG4zt4FhSxtkSsA.png]
[framerusercontent.com/images/oDafMqZRAfgqtOWgaLl1jU.png]
[framerusercontent.com/assets/lQaTzxEvLZmG4zt4FhSxtkSsA.png]
[framerusercontent.com/images/8eQ1oQCP2QLDtWk6w5qSe27ts.png]
[framerusercontent.com/images/uDGYRHXwtBHYLAlkDy9iIkdKc4.jpg]
[framerusercontent.com/images/xAjoA6BlrZndFuDZjvXrJ4sX6O4.jpg]
[framerusercontent.com/images/CEVa6qGSVYLglr9X744MxzBqRk.jpg]
[strong-areas-113429.framer.app/index.html]
[strong-areas-113429.framer.app/stats.html]
[framerusercontent.com/images/miHvWcJzPbSiIapqaKWvwdJ5Sqc39be.png]
[strong-areas-113429.framer.app/lft/alllft.html]
[strong-areas-113429.framer.app/lft/duelists.html]
[strong-areas-113429.framer.app/lft/sentinels.html]
[strong-areas-113429.framer.app/lft/flashers.html]
[strong-areas-113429.framer.app/lft/spotters.html]
[strong-areas-113429.framer.app/lft/smokers.html]
[strong-areas-113429.framer.app/lft.html]
[strong-areas-113429.framer.app/form.html]
[strong-areas-113429.framer.app/lft/igls.html]
[framerusercontent.com/images/miHvWcJzPbSiIapqaKWvwdJ5Sqc.png]
[framerusercontent.com/images/BqsXCXnPKKN3jXEFrikmdC0U.png]
[strong-areas-113429.framer.app/embed.html]
[strong-areas-113429.framer.app/lft/alllft.html]
[strong-areas-113429.framer.app/lft/duelists.html]
[strong-areas-113429.framer.app/lft/sentinels.html]
[strong-areas-113429.framer.app/lft/flashers.html]
[strong-areas-113429.framer.app/lft/spotters.html]
[strong-areas-113429.framer.app/lft/smokers.html]
[strong-areas-113429.framer.app/lft/igls.html]
