[strong-areas-113429.framer.app/index.html]
[backblue.gif]
[fade.gif]
[index.html]
[framerusercontent.com/assets/lQaTzxEvLZmG4zt4FhSxtkSsA.png]
[framerusercontent.com/images/8eQ1oQCP2QLDtWk6w5qSe27ts.png]
[strong-areas-113429.framer.app/lytics.html]
[framerusercontent.com/images/lQaTzxEvLZmG4zt4FhSxtkSsA.png]
[framerusercontent.com/images/uDGYRHXwtBHYLAlkDy9iIkdKc4.jpg]
[strong-areas-113429.framer.app/lft.html]
[framerusercontent.com/images/xAjoA6BlrZndFuDZjvXrJ4sX6O4.jpg]
[framerusercontent.com/images/CEVa6qGSVYLglr9X744MxzBqRk.jpg]
[strong-areas-113429.framer.app/index.html]
[framerusercontent.com/images/miHvWcJzPbSiIapqaKWvwdJ5Sqc39be.png]
[strong-areas-113429.framer.app/lytics.html]
[strong-areas-113429.framer.app/form.html]
[strong-areas-113429.framer.app/embed.html]
[strong-areas-113429.framer.app/lytics/all.html]
[strong-areas-113429.framer.app/lft.html]
[strong-areas-113429.framer.app/lytics/duelists.html]
[strong-areas-113429.framer.app/lytics/flashers.html]
[strong-areas-113429.framer.app/lytics/sentinels.html]
[strong-areas-113429.framer.app/form.html]
[strong-areas-113429.framer.app/lytics/spotters.html]
[strong-areas-113429.framer.app/lytics/smokers.html]
[strong-areas-113429.framer.app/lytics/igls.html]
[strong-areas-113429.framer.app/lft/alllft.html]
[strong-areas-113429.framer.app/lft/flashers.html]
[strong-areas-113429.framer.app/_/pl23942915.highratecpm.com/417d42ce3881934443766c9884027c5b/invoke.html]
[strong-areas-113429.framer.app/lft/sentinels.html]
[strong-areas-113429.framer.app/lft/spotters.html]
[strong-areas-113429.framer.app/lft/duelists.html]
[framerusercontent.com/images/miHvWcJzPbSiIapqaKWvwdJ5Sqc.png]
[strong-areas-113429.framer.app/lft/smokers.html]
[strong-areas-113429.framer.app/lft/igls.html]
[framerusercontent.com/images/BqsXCXnPKKN3jXEFrikmdC0U.png]
[strong-areas-113429.framer.app/embed.html]
[strong-areas-113429.framer.app/lytics/all.html]
[strong-areas-113429.framer.app/lytics/duelists.html]
[strong-areas-113429.framer.app/lytics/sentinels.html]
[strong-areas-113429.framer.app/lytics/flashers.html]
[strong-areas-113429.framer.app/lytics/spotters.html]
[strong-areas-113429.framer.app/lytics/smokers.html]
[strong-areas-113429.framer.app/lytics/igls.html]
[strong-areas-113429.framer.app/lft/alllft.html]
[strong-areas-113429.framer.app/lft/duelists.html]
[strong-areas-113429.framer.app/lft/sentinels.html]
[strong-areas-113429.framer.app/lft/flashers.html]
[strong-areas-113429.framer.app/lft/spotters.html]
[strong-areas-113429.framer.app/lft/smokers.html]
[strong-areas-113429.framer.app/lft/igls.html]
