[strong-areas-113429.framer.app/index.html]
[backblue.gif]
[fade.gif]
[index.html]
[framerusercontent.com/assets/lQaTzxEvLZmG4zt4FhSxtkSsA.png]
[framerusercontent.com/images/oDafMqZRAfgqtOWgaLl1jU.png]
[framerusercontent.com/images/8eQ1oQCP2QLDtWk6w5qSe27ts.png]
[strong-areas-113429.framer.app/lytics.html]
[strong-areas-113429.framer.app/lft.html]
[strong-areas-113429.framer.app/form.html]
[framerusercontent.com/images/lQaTzxEvLZmG4zt4FhSxtkSsA.png]
[framerusercontent.com/images/uDGYRHXwtBHYLAlkDy9iIkdKc4.jpg]
[framerusercontent.com/images/xAjoA6BlrZndFuDZjvXrJ4sX6O4.jpg]
[framerusercontent.com/images/CEVa6qGSVYLglr9X744MxzBqRk.jpg]
[strong-areas-113429.framer.app/index.html]
[strong-areas-113429.framer.app/embed.html]
[framerusercontent.com/images/miHvWcJzPbSiIapqaKWvwdJ5Sqc39be.png]
[strong-areas-113429.framer.app/lytics/all.html]
[strong-areas-113429.framer.app/lytics/duelists.html]
[strong-areas-113429.framer.app/lytics/sentinels.html]
[strong-areas-113429.framer.app/lytics/flashers.html]
[strong-areas-113429.framer.app/lytics/spotters.html]
[strong-areas-113429.framer.app/lytics/smokers.html]
[strong-areas-113429.framer.app/lytics.html]
[strong-areas-113429.framer.app/lytics/igls.html]
[strong-areas-113429.framer.app/lft/alllft.html]
[strong-areas-113429.framer.app/lft/duelists.html]
[strong-areas-113429.framer.app/lft/sentinels.html]
[strong-areas-113429.framer.app/lft/flashers.html]
[strong-areas-113429.framer.app/lft/spotters.html]
[strong-areas-113429.framer.app/lft/smokers.html]
[strong-areas-113429.framer.app/lft.html]
[strong-areas-113429.framer.app/form.html]
[strong-areas-113429.framer.app/lft/igls.html]
[framerusercontent.com/images/miHvWcJzPbSiIapqaKWvwdJ5Sqc.png]
[strong-areas-113429.framer.app/embed.html]
[framerusercontent.com/images/BqsXCXnPKKN3jXEFrikmdC0U.png]
[strong-areas-113429.framer.app/lytics/all.html]
[strong-areas-113429.framer.app/lytics/duelists.html]
[strong-areas-113429.framer.app/lytics/sentinels.html]
[strong-areas-113429.framer.app/acs/shokka-666/copy.html]
[framerusercontent.com/images/wnyYCNuxImRZBoS1DbtmBplLqJA.jpg]
[strong-areas-113429.framer.app/acs/univ-rek1-snow/copy.html]
[framerusercontent.com/images/Z0bCZ9BISaa6toI1i5f9L1hhwPw.jpg]
[strong-areas-113429.framer.app/lytics/flashers.html]
[strong-areas-113429.framer.app/lytics/spotters.html]
[strong-areas-113429.framer.app/lytics/smokers.html]
[strong-areas-113429.framer.app/lytics/igls.html]
[strong-areas-113429.framer.app/lft/alllft.html]
[strong-areas-113429.framer.app/lft/duelists.html]
[strong-areas-113429.framer.app/lft/sentinels.html]
[strong-areas-113429.framer.app/lft/flashers.html]
[strong-areas-113429.framer.app/lft/spotters.html]
[strong-areas-113429.framer.app/lft/smokers.html]
[strong-areas-113429.framer.app/lft/igls.html]
[framerusercontent.com/images/SEzdGclUDttPz7ofEgwAhDuLZuQ.png]
[strong-areas-113429.framer.app/acs/shokka-666/copy.html]
[framerusercontent.com/images/iMPOSvNUZYhLIt7ewqlYo4lZShw.jpg]
[strong-areas-113429.framer.app/acs/univ-rek1-snow/copy.html]
[framerusercontent.com/images/y220IxwFjWs3oe26ABHEqj6cvo.png]
