[strong-areas-113429.framer.app/index.html]
[backblue.gif]
[fade.gif]
[index.html]
[ga.jspm.io/npm_es-module-shims@1.6.3/dist/es-module-shims.js]
[framerusercontent.com/images/oDafMqZRAfgqtOWgaLl1jU.png]
[framerusercontent.com/modules/5QIZNA4n5GTQbRxVAYJB/NJqQVgtn7lpnW0Mxg3Ul/T9tzXmO8G.js]
[framerusercontent.com/modules/Mi5gfNIX0utevaQFY82m/d5KNUStwJSK12KkcRWBH/Rnlc5ymyr.js]
[framerusercontent.com/modules/LzJHnbYTevHpYX8Wmpj5/1VjsKTo419HnZ06tcuIR/zlTufhZ4m.js]
[framerusercontent.com/modules/QFfZ2JMou7bx7rORjOEJ/kl9HMSptDKtMFWkGG7zm/snQiynP3c.js]
[framerusercontent.com/modules/g0CQviwt2lSeK05DAAiT/6Sq5JuBnam4FsZFC2sly/rSHS_fbVb.js]
[framerusercontent.com/modules/tWM1iCCxdV0UNLeomOPL/nJbSrpAxpEDukEekt2n4/Dl1bYt_h7.js]
[framerusercontent.com/modules/gaRH4hyl7kevqIUTX8im/McytlhPUr9sFxGlyCqJU/l6d1lkjMo.js]
[framerusercontent.com/modules/0PyMuYZzaTC2t1GegBkL/OH0vM0dHsHtfeZwjBoSu/b2YkkTLDv.js]
[framerusercontent.com/modules/pMCT4xAkt2dNAZaTNjgJ/eo0dHtdpfWoS06zbqcoS/wW52XfgGA.js]
[framerusercontent.com/modules/ATheXWPVpGIkc8KwEFUh/xyslqA4r0Sv7dgLEqzYb/IZRiSf4pZ.js]
[framerusercontent.com/modules/hqR6LOnUuhEDidbjImLb/hPHej8Da3YzfF3EE7uf2/vC2z8nEui.js]
[framerusercontent.com/modules/yhLs2SBoIv1dxqP2AJ02/uHOERrmsdRzg1meGgtir/KQIVVeE4q.js]
[framerusercontent.com/modules/ptlvZPYKWN4p3cvUhXf7/s8JrmbYOjNnCFPza8Lbv/IGl2e21tz.js]
[framerusercontent.com/modules/TU8nFURVSfvB950BXyTT/RSIsinYXjeGUArPPSvWp/ypIOmjW1h.js]
[framerusercontent.com/modules/Bqw5NpCkTRYcjS7am0Eo/2zPeLlJKMqgzVLkMlExd/QdX1oYiGW.js]
[framerusercontent.com/modules/r1hrqApbvZ4jfTYeOJwX/MRHyqV4roEN3ITbg13Co/abyw5M_oo.js]
[framerusercontent.com/modules/SoqnNw1cLJbedRBuRyXZ/I40LX05yFTCpc40J3XhD/DHRXs1RZh.js]
[framerusercontent.com/modules/MhUooHjvKlMCnTlQSTeO/V7I2j1efvzpEZ6zKWQX7/FBO6LOp3_.js]
[framerusercontent.com/modules/3PFn0KttKZArjwK9wyXL/QuauFSFxWOkCqXZ0b4E8/kv0HqUub7.js]
[framerusercontent.com/modules/hNXysUoBK4kxRWDvI7Dr/cXvYm2e7NKrJKsnPwtwc/P6jgF8ocC.js]
[strong-areas-113429.framer.app/index.html]
[framerusercontent.com/modules/jRp4mlN3UUoe8kVb8gQY/Ifbk93rApuKyFhqBVRDH/UWc6Oqya9.js]
