[backblue.gif]
[fade.gif]
[index.html]
[strong-areas-113429.framer.app/index.html]
[framerusercontent.com/modules/Mi5gfNIX0utevaQFY82m/d5KNUStwJSK12KkcRWBH/Rnlc5ymyr.js]
[framerusercontent.com/modules/5QIZNA4n5GTQbRxVAYJB/NJqQVgtn7lpnW0Mxg3Ul/T9tzXmO8G.js]
[framerusercontent.com/modules/LzJHnbYTevHpYX8Wmpj5/1VjsKTo419HnZ06tcuIR/zlTufhZ4m.js]
[framerusercontent.com/modules/QFfZ2JMou7bx7rORjOEJ/kl9HMSptDKtMFWkGG7zm/snQiynP3c.js]
[framerusercontent.com/modules/g0CQviwt2lSeK05DAAiT/6Sq5JuBnam4FsZFC2sly/rSHS_fbVb.js]
[framerusercontent.com/modules/tWM1iCCxdV0UNLeomOPL/nJbSrpAxpEDukEekt2n4/Dl1bYt_h7.js]
[framerusercontent.com/modules/gaRH4hyl7kevqIUTX8im/McytlhPUr9sFxGlyCqJU/l6d1lkjMo.js]
[framerusercontent.com/modules/0PyMuYZzaTC2t1GegBkL/OH0vM0dHsHtfeZwjBoSu/b2YkkTLDv.js]
[framerusercontent.com/modules/pMCT4xAkt2dNAZaTNjgJ/eo0dHtdpfWoS06zbqcoS/wW52XfgGA.js]
[framerusercontent.com/modules/ATheXWPVpGIkc8KwEFUh/xyslqA4r0Sv7dgLEqzYb/IZRiSf4pZ.js]
[framerusercontent.com/modules/hqR6LOnUuhEDidbjImLb/hPHej8Da3YzfF3EE7uf2/vC2z8nEui.js]
[framerusercontent.com/modules/yhLs2SBoIv1dxqP2AJ02/uHOERrmsdRzg1meGgtir/KQIVVeE4q.js]
[framerusercontent.com/modules/ptlvZPYKWN4p3cvUhXf7/s8JrmbYOjNnCFPza8Lbv/IGl2e21tz.js]
[framerusercontent.com/modules/TU8nFURVSfvB950BXyTT/RSIsinYXjeGUArPPSvWp/ypIOmjW1h.js]
[framerusercontent.com/modules/Bqw5NpCkTRYcjS7am0Eo/2zPeLlJKMqgzVLkMlExd/QdX1oYiGW.js]
[ga.jspm.io/npm_es-module-shims@1.6.3/dist/es-module-shims.js]
[framerusercontent.com/images/oDafMqZRAfgqtOWgaLl1jU.png]
[framerusercontent.com/modules/r1hrqApbvZ4jfTYeOJwX/MRHyqV4roEN3ITbg13Co/abyw5M_oo.js]
[framerusercontent.com/modules/SoqnNw1cLJbedRBuRyXZ/I40LX05yFTCpc40J3XhD/DHRXs1RZh.js]
[framerusercontent.com/modules/MhUooHjvKlMCnTlQSTeO/V7I2j1efvzpEZ6zKWQX7/FBO6LOp3_.js]
[framerusercontent.com/modules/3PFn0KttKZArjwK9wyXL/QuauFSFxWOkCqXZ0b4E8/kv0HqUub7.js]
[framerusercontent.com/modules/hNXysUoBK4kxRWDvI7Dr/eKPeHb96lOfsFyy7Eh95/P6jgF8ocC.js]
[framerusercontent.com/modules/vQvjfKfjnrpLihtrZttG/P4ZdCl1qpKtIpGiciBtF/XEZhOWHOW.js]
[framerusercontent.com/modules/EVHOFd0Nuaa3KDvVWRlq/wD8f8ZbD8mlo0jLhcxX2/pXRLrNwUf.js]
[framerusercontent.com/modules/bzEcDi3l11Mq0rTWclRV/GTjtOiaGkS72ixtyVEpf/JVKoEX8xM.js]
[framerusercontent.com/modules/um5h2pT7TLLUriwSEY0c/LqQ2k5KIF5mS0kJGuzj8/R9lMcGJEw.js]
[framerusercontent.com/modules/cPWsrPCFnRm3TecIhdZf/ErYoXS4wsXQCbZ7lHqYb/S7FKBeMh7.js]
[framerusercontent.com/modules/FBhMVWeKPJKW7FT0LOoq/kgKY9qma9SWOSk4vv94q/hL5FrSeKN.js]
[framerusercontent.com/modules/PigCkdCpHMGuTN2hnwQh/sDgrMLalsPb8moIdvqmK/HpbuMUs5U.js]
[framerusercontent.com/modules/GdaSvz24Bsj9uFWnFO2p/UOcygtVE9ygHp6dcRYhr/iEKKaMiIx.js]
[framerusercontent.com/modules/1wAQRnXyqA0zrzFcrqg6/9jldFa7wIBWJuAZ4j3hq/CVx8IsyE2.js]
[framerusercontent.com/modules/Zac4D60pq5SpsI34T9F1/ftmkDGyYUfYef79TgBSN/eoDFfobpn.js]
[framerusercontent.com/modules/FSSdN4blus6xmxdLi3hI/iHsL6mwUFDMZuXu0McZr/g3bWpx2Q_.js]
[framerusercontent.com/modules/SLoRxG4J6ZjuszvK3YGG/M0yE6X5FpIVxZ5x3FB2M/LlJzzyawJ.js]
[framerusercontent.com/modules/IQmE5G7Eju1ur8J9nv9l/uBbpWaXH4rjjQCJLgnif/oTcYNf9oN.js]
[framerusercontent.com/modules/dreSng58ed8kWdgxPtWa/wijjnfKjWtDYyMZ3An1S/Tae3VBriq.js]
[framerusercontent.com/modules/jRp4mlN3UUoe8kVb8gQY/RxRz7975m5FMPrho4bg4/UWc6Oqya9.js]
[framerusercontent.com/modules/JnSzeSaNEE8vMYup3S6I/t25MByigcF7znxPYxJ4e/WpIVnxbi3.js]
[framerusercontent.com/modules/emh5THFdstLV9TDZUvFN/Ja98Umh57ccC23sXR5rx/XIb1iJ68h.js]
