[strong-areas-113429.framer.app/index.html]
[backblue.gif]
[fade.gif]
[index.html]
[ga.jspm.io/npm_es-module-shims@1.6.3/dist/es-module-shims.js]
[framerusercontent.com/images/oDafMqZRAfgqtOWgaLl1jU.png]
[framerusercontent.com/modules/5QIZNA4n5GTQbRxVAYJB/KZ763DLNYQfn32KQNrUr/T9tzXmO8G.js]
[framerusercontent.com/modules/Mi5gfNIX0utevaQFY82m/d5KNUStwJSK12KkcRWBH/Rnlc5ymyr.js]
[framerusercontent.com/modules/LzJHnbYTevHpYX8Wmpj5/1VjsKTo419HnZ06tcuIR/zlTufhZ4m.js]
[framerusercontent.com/modules/QFfZ2JMou7bx7rORjOEJ/Nh2SEdDc3OMTdqodW5bg/snQiynP3c.js]
[framerusercontent.com/modules/g0CQviwt2lSeK05DAAiT/2JqPCQTzVfGLXCbVg5IK/rSHS_fbVb.js]
[framerusercontent.com/modules/tWM1iCCxdV0UNLeomOPL/tofXGLW7S96GeT27FFHC/Dl1bYt_h7.js]
[framerusercontent.com/modules/gaRH4hyl7kevqIUTX8im/9s7nK9MsVQ91JJ9HwBTg/l6d1lkjMo.js]
[framerusercontent.com/modules/0PyMuYZzaTC2t1GegBkL/RDZ1Iu34Z4FeOxCTLhX0/b2YkkTLDv.js]
[framerusercontent.com/modules/pMCT4xAkt2dNAZaTNjgJ/SZ9Gza1m2wYjoDzFY1vv/wW52XfgGA.js]
[framerusercontent.com/modules/ATheXWPVpGIkc8KwEFUh/juidhTffHlbCid3yEXYL/IZRiSf4pZ.js]
[framerusercontent.com/modules/hqR6LOnUuhEDidbjImLb/5c5mBkOitBEnJmTpukwr/vC2z8nEui.js]
[framerusercontent.com/modules/yhLs2SBoIv1dxqP2AJ02/Qw7WFjJHFA3znvcevfqh/KQIVVeE4q.js]
[framerusercontent.com/modules/ptlvZPYKWN4p3cvUhXf7/Mst7dieZ5M3m5TMJrmG0/IGl2e21tz.js]
[framerusercontent.com/modules/TU8nFURVSfvB950BXyTT/LWckqUkK7LeJ6wPXP9sE/ypIOmjW1h.js]
[framerusercontent.com/modules/Bqw5NpCkTRYcjS7am0Eo/W3NbaO0NIMkP43TDHm0X/QdX1oYiGW.js]
[framerusercontent.com/modules/r1hrqApbvZ4jfTYeOJwX/P4JG6vehx9tU2u3my3cd/abyw5M_oo.js]
[framerusercontent.com/modules/SoqnNw1cLJbedRBuRyXZ/fvbydmpq3ZgOOPZ0e57D/DHRXs1RZh.js]
[framerusercontent.com/modules/MhUooHjvKlMCnTlQSTeO/V7I2j1efvzpEZ6zKWQX7/FBO6LOp3_.js]
[framerusercontent.com/modules/3PFn0KttKZArjwK9wyXL/QuauFSFxWOkCqXZ0b4E8/kv0HqUub7.js]
[framerusercontent.com/modules/hNXysUoBK4kxRWDvI7Dr/ORkGKe4ChIqkenoZYIq5/P6jgF8ocC.js]
[framerusercontent.com/modules/kni3cUCA9wJkAgk1SEmE/tnwbYersgPJNaQvkcBIH/GY53N4Un_.js]
[framerusercontent.com/modules/8suuWqwgrZBuNKg75D53/JbLXIgRBAcV9J76ALhQQ/Rqohe85tu.js]
[framerusercontent.com/modules/eR1J0yZ0KPOwVyPwGNgw/dC1O38ur54b7mdBV1WLU/q2c0DhVg1.js]
[framerusercontent.com/modules/cVnwvGM75WIiDQ5Mo8De/PYKTFEgC1aI1kWaEDBFy/cOFuBbiuG.js]
[framerusercontent.com/modules/UANOR3vl0uFCGQ4E3Q2I/ff3SvdwfHW7HuYX3GOAb/sr3jvKEWn.js]
[framerusercontent.com/modules/e64pPnIrsBXktQm5JpA8/dzflacGLdyyE7FKjbgN5/C7uXEaCzo.js]
[framerusercontent.com/modules/PaLkmtrfo4v9rW6uPwl5/0IzZeb3p69Bm5mkfE6Ra/z75OIMeJ4.js]
[framerusercontent.com/modules/Qf2VUGbbY6Ud1jB0wYuL/vOd7M4zmW9LnYp0qqGKq/BRaWT_hjx.js]
[framerusercontent.com/modules/vYiU2IKTzQNmQf0FMje9/jGgbvm2Ntu71RrrI2Aox/cI3wx2PkS.js]
[framerusercontent.com/modules/cpfDhKAmFeZZbRfSpKGZ/bya7Zw1dveLXF1TgFvPq/DDhLpGgGp.js]
[framerusercontent.com/modules/eoOWlVnMhslQJJKUfcdZ/h4pfL1lNhnUav3bYYa4o/dIsGoVD8k.js]
[framerusercontent.com/modules/oacuKorMjEmtpDFph79r/rI2q8aKogzVQIH73KWNH/jhGj603SX.js]
[framerusercontent.com/modules/AwLdHHJGA40VjwTtOyAP/CBYZyHsAaqieacrG1cpd/ji_BivSR5.js]
[framerusercontent.com/modules/jkppelMy1qecfV5HQ7aF/kCfGnrZhG4DUjirr0Nnj/lDR55P7ca.js]
[framerusercontent.com/modules/2RB9KEkKhGmGhHXfxQSg/vKdMpoaTF4B67UfdGHDq/ScZO0Ow0R.js]
[framerusercontent.com/modules/jRp4mlN3UUoe8kVb8gQY/SyAjYZKOumvt3vGQgXQi/UWc6Oqya9.js]
[strong-areas-113429.framer.app/index.html]
[framerusercontent.com/modules/xu9u4cQrWijlAVFZHeDi/oaqa5P1SgWbx8jbElnKh/wEgBKUzNw.js]
